###############################################################################
#
# IAR ELF Linker V7.80.4.12462/W32 for ARM                02/Mar/2021  13:24:15
# Copyright 2007-2017 IAR Systems AB.
#
#    Output file  =  
#        C:\Users\10058\Documents\mm32\GitHub\CoreMark on
#        MM32\coremark_MM32\Debug\Exe\coremark_MM32.out
#    Map file     =  
#        C:\Users\10058\Documents\mm32\GitHub\CoreMark on
#        MM32\coremark_MM32\Debug\List\coremark_MM32.map
#    Command line =  
#        "C:\Users\10058\Documents\mm32\GitHub\CoreMark on
#        MM32\coremark_MM32\Debug\Obj\bsp.o"
#        "C:\Users\10058\Documents\mm32\GitHub\CoreMark on
#        MM32\coremark_MM32\Debug\Obj\bsp_adc.o"
#        "C:\Users\10058\Documents\mm32\GitHub\CoreMark on
#        MM32\coremark_MM32\Debug\Obj\bsp_can.o"
#        "C:\Users\10058\Documents\mm32\GitHub\CoreMark on
#        MM32\coremark_MM32\Debug\Obj\bsp_comp.o"
#        "C:\Users\10058\Documents\mm32\GitHub\CoreMark on
#        MM32\coremark_MM32\Debug\Obj\bsp_crs.o"
#        "C:\Users\10058\Documents\mm32\GitHub\CoreMark on
#        MM32\coremark_MM32\Debug\Obj\bsp_dac.o"
#        "C:\Users\10058\Documents\mm32\GitHub\CoreMark on
#        MM32\coremark_MM32\Debug\Obj\bsp_i2c.o"
#        "C:\Users\10058\Documents\mm32\GitHub\CoreMark on
#        MM32\coremark_MM32\Debug\Obj\bsp_key.o"
#        "C:\Users\10058\Documents\mm32\GitHub\CoreMark on
#        MM32\coremark_MM32\Debug\Obj\bsp_led.o"
#        "C:\Users\10058\Documents\mm32\GitHub\CoreMark on
#        MM32\coremark_MM32\Debug\Obj\bsp_mco.o"
#        "C:\Users\10058\Documents\mm32\GitHub\CoreMark on
#        MM32\coremark_MM32\Debug\Obj\bsp_opamp.o"
#        "C:\Users\10058\Documents\mm32\GitHub\CoreMark on
#        MM32\coremark_MM32\Debug\Obj\bsp_tim.o"
#        "C:\Users\10058\Documents\mm32\GitHub\CoreMark on
#        MM32\coremark_MM32\Debug\Obj\bsp_uart.o"
#        "C:\Users\10058\Documents\mm32\GitHub\CoreMark on
#        MM32\coremark_MM32\Debug\Obj\common.o"
#        "C:\Users\10058\Documents\mm32\GitHub\CoreMark on
#        MM32\coremark_MM32\Debug\Obj\core_list_join.o"
#        "C:\Users\10058\Documents\mm32\GitHub\CoreMark on
#        MM32\coremark_MM32\Debug\Obj\core_main.o"
#        "C:\Users\10058\Documents\mm32\GitHub\CoreMark on
#        MM32\coremark_MM32\Debug\Obj\core_matrix.o"
#        "C:\Users\10058\Documents\mm32\GitHub\CoreMark on
#        MM32\coremark_MM32\Debug\Obj\core_portme.o"
#        "C:\Users\10058\Documents\mm32\GitHub\CoreMark on
#        MM32\coremark_MM32\Debug\Obj\core_state.o"
#        "C:\Users\10058\Documents\mm32\GitHub\CoreMark on
#        MM32\coremark_MM32\Debug\Obj\core_util.o"
#        "C:\Users\10058\Documents\mm32\GitHub\CoreMark on
#        MM32\coremark_MM32\Debug\Obj\HAL_adc.o"
#        "C:\Users\10058\Documents\mm32\GitHub\CoreMark on
#        MM32\coremark_MM32\Debug\Obj\HAL_aes.o"
#        "C:\Users\10058\Documents\mm32\GitHub\CoreMark on
#        MM32\coremark_MM32\Debug\Obj\HAL_bkp.o"
#        "C:\Users\10058\Documents\mm32\GitHub\CoreMark on
#        MM32\coremark_MM32\Debug\Obj\HAL_can.o"
#        "C:\Users\10058\Documents\mm32\GitHub\CoreMark on
#        MM32\coremark_MM32\Debug\Obj\HAL_comp.o"
#        "C:\Users\10058\Documents\mm32\GitHub\CoreMark on
#        MM32\coremark_MM32\Debug\Obj\HAL_crc.o"
#        "C:\Users\10058\Documents\mm32\GitHub\CoreMark on
#        MM32\coremark_MM32\Debug\Obj\HAL_crs.o"
#        "C:\Users\10058\Documents\mm32\GitHub\CoreMark on
#        MM32\coremark_MM32\Debug\Obj\HAL_dac.o"
#        "C:\Users\10058\Documents\mm32\GitHub\CoreMark on
#        MM32\coremark_MM32\Debug\Obj\HAL_dbg.o"
#        "C:\Users\10058\Documents\mm32\GitHub\CoreMark on
#        MM32\coremark_MM32\Debug\Obj\HAL_div.o"
#        "C:\Users\10058\Documents\mm32\GitHub\CoreMark on
#        MM32\coremark_MM32\Debug\Obj\HAL_dma.o"
#        "C:\Users\10058\Documents\mm32\GitHub\CoreMark on
#        MM32\coremark_MM32\Debug\Obj\HAL_exti.o"
#        "C:\Users\10058\Documents\mm32\GitHub\CoreMark on
#        MM32\coremark_MM32\Debug\Obj\HAL_flash.o"
#        "C:\Users\10058\Documents\mm32\GitHub\CoreMark on
#        MM32\coremark_MM32\Debug\Obj\HAL_gpio.o"
#        "C:\Users\10058\Documents\mm32\GitHub\CoreMark on
#        MM32\coremark_MM32\Debug\Obj\HAL_i2c.o"
#        "C:\Users\10058\Documents\mm32\GitHub\CoreMark on
#        MM32\coremark_MM32\Debug\Obj\HAL_iwdg.o"
#        "C:\Users\10058\Documents\mm32\GitHub\CoreMark on
#        MM32\coremark_MM32\Debug\Obj\HAL_nvic.o"
#        "C:\Users\10058\Documents\mm32\GitHub\CoreMark on
#        MM32\coremark_MM32\Debug\Obj\HAL_opamp.o"
#        "C:\Users\10058\Documents\mm32\GitHub\CoreMark on
#        MM32\coremark_MM32\Debug\Obj\HAL_pwr.o"
#        "C:\Users\10058\Documents\mm32\GitHub\CoreMark on
#        MM32\coremark_MM32\Debug\Obj\HAL_rcc.o"
#        "C:\Users\10058\Documents\mm32\GitHub\CoreMark on
#        MM32\coremark_MM32\Debug\Obj\HAL_rtc.o"
#        "C:\Users\10058\Documents\mm32\GitHub\CoreMark on
#        MM32\coremark_MM32\Debug\Obj\HAL_spi.o"
#        "C:\Users\10058\Documents\mm32\GitHub\CoreMark on
#        MM32\coremark_MM32\Debug\Obj\HAL_sqrt.o"
#        "C:\Users\10058\Documents\mm32\GitHub\CoreMark on
#        MM32\coremark_MM32\Debug\Obj\HAL_tim.o"
#        "C:\Users\10058\Documents\mm32\GitHub\CoreMark on
#        MM32\coremark_MM32\Debug\Obj\HAL_uart.o"
#        "C:\Users\10058\Documents\mm32\GitHub\CoreMark on
#        MM32\coremark_MM32\Debug\Obj\HAL_uid.o"
#        "C:\Users\10058\Documents\mm32\GitHub\CoreMark on
#        MM32\coremark_MM32\Debug\Obj\HAL_wwdg.o"
#        "C:\Users\10058\Documents\mm32\GitHub\CoreMark on
#        MM32\coremark_MM32\Debug\Obj\startup_mm32.o"
#        "C:\Users\10058\Documents\mm32\GitHub\CoreMark on
#        MM32\coremark_MM32\Debug\Obj\system_mm32.o" -o
#        "C:\Users\10058\Documents\mm32\GitHub\CoreMark on
#        MM32\coremark_MM32\Debug\Exe\coremark_MM32.out" --map
#        "C:\Users\10058\Documents\mm32\GitHub\CoreMark on
#        MM32\coremark_MM32\Debug\List\coremark_MM32.map" --config
#        "C:\Users\10058\Documents\mm32\GitHub\CoreMark on
#        MM32\coremark_MM32\coremark_MM32.icf" --semihosting --entry
#        __iar_program_start --vfe
#
###############################################################################

*******************************************************************************
*** RUNTIME MODEL ATTRIBUTES
***

CppFlavor       = *
__SystemLibrary = DLib


*******************************************************************************
*** PLACEMENT SUMMARY
***

"A0":  place at 0x08000000 { ro section .intvec };
"P1":  place in [from 0x08000000 to 0x0801ffff] { ro };
"P2":  place in [from 0x20000000 to 0x20004fff] {
          rw, block CSTACK, block HEAP, section MY_FUNC };
initialize by copy { rw, section MY_FUNC };

  Section             Kind        Address    Size  Object
  -------             ----        -------    ----  ------
"A0":                                        0xf8
  .intvec                      0x08000000    0xf8  <Block>
    .intvec           const    0x08000000    0xf8  startup_mm32.o [1]
                             - 0x080000f8    0xf8

"P1":                                      0x3a1b
  .text               ro code  0x080000f8   0xc1a  xprintflarge_nomb.o [3]
  .text               ro code  0x08000d14    0x16  strchr.o [5]
  .text               ro code  0x08000d2c    0x36  strlen.o [5]
  .text               ro code  0x08000d64    0x58  memchr.o [5]
  .text               ro code  0x08000dbc    0xee  I64DivMod.o [5]
  .text               ro code  0x08000eac    0x76  ABImemcpy_unaligned.o [5]
  .text               ro code  0x08000f22    0x44  xdnorm.o [4]
  .text               ro code  0x08000f68    0x2e  DblCmpLe.o [4]
  .text               ro code  0x08000f98   0x1a2  DblMul.o [4]
  .text               ro code  0x0800113c   0x256  DblDiv.o [4]
  .text               ro code  0x08001394    0x2c  DblToI32.o [4]
  .text               ro code  0x080013c0    0x1c  I32ToDbl.o [4]
  .text               ro code  0x080013dc   0x180  DblSub.o [4]
  .text               ro code  0x0800155c    0x6c  localeconv.o [3]
  .text               ro code  0x080015c8     0xe  div.o [3]
  .text               ro code  0x080015d8     0x2  I64DivZer.o [5]
  .text               ro code  0x080015dc    0xd4  DblAdd.o [4]
  .text               ro code  0x080016b0     0x2  xtls.o [3]
  Veneer              ro code  0x080016b4     0x8  - Linker created -
  Veneer              ro code  0x080016bc     0x8  - Linker created -
  Veneer              ro code  0x080016c4     0x8  - Linker created -
  Veneer              ro code  0x080016cc     0x8  - Linker created -
  Veneer              ro code  0x080016d4     0x8  - Linker created -
  Veneer              ro code  0x080016dc     0x8  - Linker created -
  Veneer              ro code  0x080016e4     0x8  - Linker created -
  Veneer              ro code  0x080016ec     0x8  - Linker created -
  Veneer              ro code  0x080016f4     0x8  - Linker created -
  Veneer              ro code  0x080016fc     0x8  - Linker created -
  Veneer              ro code  0x08001704     0x8  - Linker created -
  Veneer              ro code  0x0800170c     0x8  - Linker created -
  Veneer              ro code  0x08001714     0x8  - Linker created -
  Veneer              ro code  0x0800171c     0x8  - Linker created -
  .text               ro code  0x08001724   0x994  core_main.o [1]
  .text               ro code  0x080020b8    0x24  printf.o [3]
  .text               ro code  0x080020dc    0x2e  DblCmpGe.o [4]
  .text               ro code  0x0800210c   0x264  HAL_gpio.o [1]
  Veneer              ro code  0x08002370     0x8  - Linker created -
  .text               ro code  0x08002378    0x78  HAL_bkp.o [1]
  Veneer              ro code  0x080023f0     0x8  - Linker created -
  Veneer              ro code  0x080023f8     0x8  - Linker created -
  Veneer              ro code  0x08002400     0x8  - Linker created -
  .text               ro code  0x08002408    0x36  common.o [1]
  .text               ro code  0x08002440   0x174  system_mm32.o [1]
  .rodata             const    0x080025b4    0xb0  core_state.o [1]
  .text               ro code  0x08002664    0x78  lz77_init_single.o [5]
  .text               ro code  0x080026dc    0x66  bsp.o [1]
  .text               ro code  0x08002744    0x60  bsp_uart.o [1]
  .text               ro code  0x080027a4    0x5e  ABImemset.o [5]
  .text               ro code  0x08002802    0x40  zero_init3.o [5]
  .text               ro code  0x08002844    0x28  data_init.o [5]
  .iar.init_table     const    0x0800286c    0x20  - Linker created -
  .text               ro code  0x0800288c    0x1e  startup_mm32.o [1]
  .text               ro code  0x080028aa     0xc  cstartup_M.o [5]
  .text               ro code  0x080028b8    0x1a  cmain.o [5]
  .text               ro code  0x080028d2     0x4  exit.o [3]
  .text               ro code  0x080028d8     0xa  cexit.o [5]
  .text               ro code  0x080028e4    0x14  exit.o [6]
  .text               ro code  0x080028f8    0x16  xprout.o [3]
  Veneer              ro code  0x08002910     0x8  - Linker created -
  .text               ro code  0x08002918     0xc  putchar.o [3]
  .text               ro code  0x08002924     0x6  ABImemclr.o [5]
  .rodata             const    0x0800292a     0x0  zero_init3.o [5]
  .rodata             const    0x0800292a     0x0  lz77_init_single.o [5]
  Initializer bytes   const    0x0800292a  0x11e9  <for P2-1>
                             - 0x08003b13  0x3a1b

"P2", part 1 of 3:                         0x1c28
  P2-1                         0x20000000  0x1c28  <Init block>
    MY_FUNC           inited   0x20000000   0x65c  core_list_join.o [1]
    MY_FUNC           inited   0x2000065c   0x94c  core_matrix.o [1]
    Veneer            inited   0x20000fa8     0x8  - Linker created -
    Veneer            inited   0x20000fb0     0x8  - Linker created -
    Veneer            inited   0x20000fb8     0x8  - Linker created -
    Veneer            inited   0x20000fc0     0x8  - Linker created -
    Veneer            inited   0x20000fc8     0x8  - Linker created -
    MY_FUNC           inited   0x20000fd0   0x108  core_portme.o [1]
    Veneer            inited   0x200010d8     0x8  - Linker created -
    MY_FUNC           inited   0x200010e0   0x4a8  core_state.o [1]
    MY_FUNC           inited   0x20001588   0x380  core_util.o [1]
    MY_FUNC           inited   0x20001908   0x124  HAL_rcc.o [1]
    MY_FUNC           inited   0x20001a2c    0xb4  HAL_uart.o [1]
    .data             inited   0x20001ae0    0x24  core_main.o [1]
    .data             inited   0x20001b04     0x4  core_portme.o [1]
    .data             inited   0x20001b08     0x4  core_portme.o [1]
    .data             inited   0x20001b0c     0x4  core_portme.o [1]
    .data             inited   0x20001b10    0x40  core_state.o [1]
    .data             inited   0x20001b50    0x10  HAL_rcc.o [1]
    .data             inited   0x20001b60    0x40  xfiles.o [3]
    __DLIB_PERTHREAD  inited   0x20001ba0    0x88  localeconv.o [3]
                             - 0x20001c28  0x1c28

"P2", part 2 of 3:                         0x1000
  CSTACK                       0x20001c28  0x1000  <Block>
    CSTACK            uninit   0x20001c28  0x1000  <Block tail>
                             - 0x20002c28  0x1000

"P2", part 3 of 3:                           0x6c
  .bss                zero     0x20002c28    0x50  xfiles.o [3]
  .bss                zero     0x20002c78     0x4  core_portme.o [1]
  .bss                zero     0x20002c7c     0x4  core_portme.o [1]
  .bss                zero     0x20002c80     0x4  core_portme.o [1]
  .bss                zero     0x20002c84     0x4  core_portme.o [1]
  .bss                zero     0x20002c88     0x4  system_mm32.o [1]
  .bss                zero     0x20002c8c     0x4  system_mm32.o [1]
  .bss                zero     0x20002c90     0x1  system_mm32.o [1]
  .bss                zero     0x20002c91     0x1  system_mm32.o [1]
                             - 0x20002c92    0x6a


*******************************************************************************
*** INIT TABLE
***

          Address     Size
          -------     ----
Zero (__iar_zero_init3)
    1 destination range, total size 0x6a:
          0x20002c28    0x6a

Copy/lz77 (__iar_lz77_init_single3)
    1 source range, total size 0x11e9 (63% of destination):
          0x0800292a  0x11e9
    1 destination range, total size 0x1c28:
          0x20000000  0x1c28



*******************************************************************************
*** MODULE SUMMARY
***

    Module                 ro code  rw code  ro data  rw data
    ------                 -------  -------  -------  -------
C:\Users\10058\Documents\mm32\GitHub\CoreMark on MM32\coremark_MM32\Debug\Obj: [1]
    HAL_bkp.o                  120
    HAL_gpio.o                 612
    HAL_rcc.o                           292      195       16
    HAL_uart.o                          180      115
    bsp.o                      102
    bsp_uart.o                  96
    common.o                    54
    core_list_join.o                  1 628    1 035
    core_main.o              2 452                23       36
    core_matrix.o                     2 380    1 514
    core_portme.o                       264      175       28
    core_state.o                      1 192      976       64
    core_util.o                         896      570
    startup_mm32.o              30               248
    system_mm32.o              372                         10
    ---------------------------------------------------------
    Total:                   3 838    6 832    4 851      154

command line: [2]
    ---------------------------------------------------------
    Total:

dl7M_tlf.a: [3]
    div.o                       14
    exit.o                       4
    localeconv.o               108                87      136
    printf.o                    36
    putchar.o                   12
    xfiles.o                                      41      144
    xprintflarge_nomb.o      3 098
    xprout.o                    22
    xtls.o                       2
    ---------------------------------------------------------
    Total:                   3 296               128      280

m7M_tl.a: [4]
    DblAdd.o                   212
    DblCmpGe.o                  46
    DblCmpLe.o                  46
    DblDiv.o                   598
    DblMul.o                   418
    DblSub.o                   384
    DblToI32.o                  44
    I32ToDbl.o                  28
    xdnorm.o                    68
    ---------------------------------------------------------
    Total:                   1 844

rt7M_tl.a: [5]
    ABImemclr.o                  6
    ABImemcpy_unaligned.o      118
    ABImemset.o                 94
    I64DivMod.o                238
    I64DivZer.o                  2
    cexit.o                     10
    cmain.o                     26
    cstartup_M.o                12
    data_init.o                 40
    lz77_init_single.o         120
    memchr.o                    88
    strchr.o                    22
    strlen.o                    54
    zero_init3.o                64
    ---------------------------------------------------------
    Total:                     894

shb_l.a: [6]
    exit.o                      20
    ---------------------------------------------------------
    Total:                      20

    Gaps                        38
    Linker created             152       48       62    4 096
-------------------------------------------------------------
    Grand Total:            10 082    6 880    5 041    4 530


*******************************************************************************
*** ENTRY LIST
***

Entry                      Address   Size  Type      Object
-----                      -------   ----  ----      ------
.iar.init_table$$Base   0x0800286c          --   Gb  - Linker created -
.iar.init_table$$Limit  0x0800288c          --   Gb  - Linker created -
.intvec$$Base           0x08000000          --   Gb  - Linker created -
.intvec$$Limit          0x080000f8          --   Gb  - Linker created -
?main                   0x080028b9         Code  Gb  cmain.o [5]
ADC1_2_IRQHandler       0x080028a9    0x2  Code  Wk  startup_mm32.o [1]
AESEncrupt_IRQHandler   0x080028a9    0x2  Code  Wk  startup_mm32.o [1]
AppTaskTick             0x20001075   0x18  Code  Gb  core_portme.o [1]
AppTickPtr              0x20002c8c    0x4  Data  Gb  system_mm32.o [1]
BKP_DeInit              0x08002379   0x16  Code  Gb  HAL_bkp.o [1]
BSP_UART_GPIO_CONFIGURE
                        0x08002745   0x52  Code  Gb  bsp_uart.o [1]
BusFault_Handler        0x080028a9    0x2  Code  Wk  startup_mm32.o [1]
CAN1_RX1_IRQHandler     0x080028a9    0x2  Code  Wk  startup_mm32.o [1]
CAN1_SCE_IRQHandler     0x080028a9    0x2  Code  Wk  startup_mm32.o [1]
COMMON_EnableIpClock    0x08002409   0x36  Code  Gb  common.o [1]
CSTACK$$Base            0x20001c28          --   Gb  - Linker created -
CSTACK$$Limit           0x20002c28          --   Gb  - Linker created -
DMA1_Channel1_IRQHandler
                        0x080028a9    0x2  Code  Wk  startup_mm32.o [1]
DMA1_Channel2_IRQHandler
                        0x080028a9    0x2  Code  Wk  startup_mm32.o [1]
DMA1_Channel3_IRQHandler
                        0x080028a9    0x2  Code  Wk  startup_mm32.o [1]
DMA1_Channel4_IRQHandler
                        0x080028a9    0x2  Code  Wk  startup_mm32.o [1]
DMA1_Channel5_IRQHandler
                        0x080028a9    0x2  Code  Wk  startup_mm32.o [1]
DMA1_Channel6_IRQHandler
                        0x080028a9    0x2  Code  Wk  startup_mm32.o [1]
DMA1_Channel7_IRQHandler
                        0x080028a9    0x2  Code  Wk  startup_mm32.o [1]
DebugMon_Handler        0x080028a9    0x2  Code  Wk  startup_mm32.o [1]
Dummy_Handler           0x080028a9    0x2  Code  Gb  startup_mm32.o [1]
EXTI0_IRQHandler        0x080028a9    0x2  Code  Wk  startup_mm32.o [1]
EXTI15_10_IRQHandler    0x080028a9    0x2  Code  Wk  startup_mm32.o [1]
EXTI1_IRQHandler        0x080028a9    0x2  Code  Wk  startup_mm32.o [1]
EXTI2_IRQHandler        0x080028a9    0x2  Code  Wk  startup_mm32.o [1]
EXTI3_IRQHandler        0x080028a9    0x2  Code  Wk  startup_mm32.o [1]
EXTI4_IRQHandler        0x080028a9    0x2  Code  Wk  startup_mm32.o [1]
EXTI9_5_IRQHandler      0x080028a9    0x2  Code  Wk  startup_mm32.o [1]
FLASH_IRQHandler        0x080028a9    0x2  Code  Wk  startup_mm32.o [1]
GPIOA_ClockEnable       0x08002733    0x8  Code  Gb  bsp.o [1]
GPIOB_ClockEnable       0x0800273b    0x8  Code  Gb  bsp.o [1]
GPIO_Init               0x0800210d  0x186  Code  Gb  HAL_gpio.o [1]
GPIO_Mode_AF_PP_50MHz_Init
                        0x080026dd   0x28  Code  Gb  bsp.o [1]
GPIO_Mode_IPU_Init      0x08002705   0x2e  Code  Gb  bsp.o [1]
HardFault_Handler       0x080028a9    0x2  Code  Wk  startup_mm32.o [1]
I2C1_ER_IRQHandler      0x080028a9    0x2  Code  Wk  startup_mm32.o [1]
I2C1_EV_IRQHandler      0x080028a9    0x2  Code  Wk  startup_mm32.o [1]
I2C2_ER_IRQHandler      0x080028a9    0x2  Code  Wk  startup_mm32.o [1]
I2C2_EV_IRQHandler      0x080028a9    0x2  Code  Wk  startup_mm32.o [1]
LoadInt                 0x08000693   0x6e  Code  Lc  xprintflarge_nomb.o [3]
MCUID                   0x20002c91    0x1  Data  Gb  system_mm32.o [1]
MemManage_Handler       0x080028a9    0x2  Code  Wk  startup_mm32.o [1]
NMI_Handler             0x080028a9    0x2  Code  Wk  startup_mm32.o [1]
PVD_IRQHandler          0x080028a9    0x2  Code  Wk  startup_mm32.o [1]
PendSV_Handler          0x080028a9    0x2  Code  Wk  startup_mm32.o [1]
RCC_AHBPeriphClockCmd   0x200019c1   0x14  Code  Gb  HAL_rcc.o [1]
RCC_APB1PeriphClockCmd  0x200019e7   0x12  Code  Gb  HAL_rcc.o [1]
RCC_APB2PeriphClockCmd  0x200019d5   0x12  Code  Gb  HAL_rcc.o [1]
RCC_BackupResetCmd      0x200019f9   0x10  Code  Gb  HAL_rcc.o [1]
RCC_GetPCLK1Freq        0x20001909   0x5c  Code  Gb  HAL_rcc.o [1]
RCC_GetPCLK2Freq        0x20001965   0x5c  Code  Gb  HAL_rcc.o [1]
RCC_IRQHandler          0x080028a9    0x2  Code  Wk  startup_mm32.o [1]
RTCAlarm_IRQHandler     0x080028a9    0x2  Code  Wk  startup_mm32.o [1]
RTC_IRQHandler          0x080028a9    0x2  Code  Wk  startup_mm32.o [1]
Region$$Table$$Base     0x0800286c          --   Gb  - Linker created -
Region$$Table$$Limit    0x0800288c          --   Gb  - Linker created -
Reset_Handler           0x0800288d    0x4  Code  Gb  startup_mm32.o [1]
SPI1_IRQHandler         0x080028a9    0x2  Code  Wk  startup_mm32.o [1]
SPI2_IRQHandler         0x080028a9    0x2  Code  Wk  startup_mm32.o [1]
SVC_Handler             0x080028a9    0x2  Code  Wk  startup_mm32.o [1]
SetSystemClock          0x0800244d  0x130  Code  Gb  system_mm32.o [1]
SysTick_Handler         0x08002441    0xc  Code  Gb  system_mm32.o [1]
TAMPER_IRQHandler       0x080028a9    0x2  Code  Wk  startup_mm32.o [1]
TIM1_BRK_IRQHandler     0x080028a9    0x2  Code  Wk  startup_mm32.o [1]
TIM1_CC_IRQHandler      0x080028a9    0x2  Code  Wk  startup_mm32.o [1]
TIM1_TRG_COM_IRQHandler
                        0x080028a9    0x2  Code  Wk  startup_mm32.o [1]
TIM1_UP_IRQHandler      0x080028a9    0x2  Code  Wk  startup_mm32.o [1]
TIM2_IRQHandler         0x080028a9    0x2  Code  Wk  startup_mm32.o [1]
TIM3_IRQHandler         0x080028a9    0x2  Code  Wk  startup_mm32.o [1]
TIM4_IRQHandler         0x080028a9    0x2  Code  Wk  startup_mm32.o [1]
Tick                    0x20002c84    0x4  Data  Gb  core_portme.o [1]
UART1_IRQHandler        0x080028a9    0x2  Code  Wk  startup_mm32.o [1]
UART2_IRQHandler        0x080028a9    0x2  Code  Wk  startup_mm32.o [1]
UART3_IRQHandler        0x080028a9    0x2  Code  Wk  startup_mm32.o [1]
UART_ClearITPendingBit  0x20001add    0x4  Code  Gb  HAL_uart.o [1]
UART_Cmd                0x20001abb    0xc  Code  Gb  HAL_uart.o [1]
UART_GetFlagStatus      0x20001acf    0xe  Code  Gb  HAL_uart.o [1]
UART_Init               0x20001a2d   0x6e  Code  Gb  HAL_uart.o [1]
UART_SendData           0x20001ac7    0x8  Code  Gb  HAL_uart.o [1]
UART_StructInit         0x20001aa1   0x1a  Code  Gb  HAL_uart.o [1]
USBWakeUp_IRQHandler    0x080028a9    0x2  Code  Wk  startup_mm32.o [1]
USB_HP_CAN1_TX_IRQHandler
                        0x080028a9    0x2  Code  Wk  startup_mm32.o [1]
USB_LP_CAN1_RX0_IRQHandler
                        0x080028a9    0x2  Code  Wk  startup_mm32.o [1]
UsageFault_Handler      0x080028a9    0x2  Code  Wk  startup_mm32.o [1]
WDG_IRQHandler          0x080028a9    0x2  Code  Wk  startup_mm32.o [1]
_GenldLargeNoMb         0x08000a8b  0x23e  Code  Lc  xprintflarge_nomb.o [3]
_LdtobLargeNoMb         0x0800080d  0x278  Code  Lc  xprintflarge_nomb.o [3]
_LitobLargeNoMb         0x08000701  0x10a  Code  Lc  xprintflarge_nomb.o [3]
_Locale_aeabi_lconv     0x20001bf0   0x38  Data  Gb  localeconv.o [3]
_Locale_lconv           0x20001ba0   0x50  Data  Gb  localeconv.o [3]
_PrintfLargeNoMb        0x080000f9  0x594  Code  Gb  xprintflarge_nomb.o [3]
_Prout                  0x080028f9   0x16  Code  Gb  xprout.o [3]
_PutcharsLargeNoMb      0x08000cc9   0x2e  Code  Lc  xprintflarge_nomb.o [3]
__aeabi_cdcmple         0x08000f69         Code  Gb  DblCmpLe.o [4]
__aeabi_cdrcmple        0x080020dd         Code  Gb  DblCmpGe.o [4]
__aeabi_d2uiz           0x08001395         Code  Gb  DblToI32.o [4]
__aeabi_ddiv            0x0800113d         Code  Gb  DblDiv.o [4]
__aeabi_dmul            0x08000f99         Code  Gb  DblMul.o [4]
__aeabi_dsub            0x080013dd         Code  Gb  DblSub.o [4]
__aeabi_ldiv0           0x080015d9         Code  Gb  I64DivZer.o [5]
__aeabi_memclr          0x08002925         Code  Gb  ABImemclr.o [5]
__aeabi_ui2d            0x080013c1         Code  Gb  I32ToDbl.o [4]
__aeabi_uldivmod        0x08000dbd         Code  Gb  I64DivMod.o [5]
__cmain                 0x080028b9         Code  Gb  cmain.o [5]
__exit                  0x080028e5   0x14  Code  Gb  exit.o [6]
__iar_Dnorm             0x08000f23   0x44  Code  Gb  xdnorm.o [4]
__iar_Locale_lconv_init
                        0x0800155d   0x3a  Code  Gb  localeconv.o [3]
__iar_Memchr            0x08000d65         Code  Gb  memchr.o [5]
__iar_Memset_word       0x080027a5         Code  Gb  ABImemset.o [5]
__iar_Stdout            0x20001b60   0x40  Data  Gb  xfiles.o [3]
__iar_Strchr            0x08000d15         Code  Gb  strchr.o [5]
__iar_d2uiz             0x080013a1         Code  Gb  DblToI32.o [4]
__iar_dadd              0x080015dd         Code  Gb  DblAdd.o [4]
__iar_data_init3        0x08002845   0x28  Code  Gb  data_init.o [5]
__iar_dlib_perthread_access
                        0x080016b1    0x2  Code  Gb  xtls.o [3]
__iar_dsub              0x080013f1         Code  Gb  DblSub.o [4]
__iar_dsubStart         0x08001403         Code  Gb  DblSub.o [4]
__iar_lz77_init_single3
                        0x08002665   0x78  Code  Gb  lz77_init_single.o [5]
__iar_program_start     0x080028ab         Code  Gb  cstartup_M.o [5]
__iar_ui2d              0x080013c5         Code  Gb  I32ToDbl.o [4]
__iar_unaligned___aeabi_memcpy
                        0x08000ead         Code  Gb  ABImemcpy_unaligned.o [5]
__iar_unaligned___aeabi_memcpy4
                        0x08000ecd         Code  Gb  ABImemcpy_unaligned.o [5]
__iar_unaligned___aeabi_memcpy8
                        0x08000ecd         Code  Gb  ABImemcpy_unaligned.o [5]
__iar_zero_init3        0x08002803   0x40  Code  Gb  zero_init3.o [5]
__low_level_init        0x08002891    0xe  Code  Gb  startup_mm32.o [1]
__vector_table          0x08000000   0xf8  Data  Gb  startup_mm32.o [1]
_call_main              0x080028c5         Code  Gb  cmain.o [5]
_exit                   0x080028d9         Code  Gb  cexit.o [5]
_main                   0x080028cf         Code  Gb  cmain.o [5]
check_data_types        0x20001905    0x4  Code  Gb  core_util.o [1]
cmp_complex             0x20000001  0x102  Code  Gb  core_list_join.o [1]
cmp_idx                 0x20000103   0x2c  Code  Gb  core_list_join.o [1]
core_bench_list         0x20000131  0x23e  Code  Gb  core_list_join.o [1]
core_bench_matrix       0x2000065d  0x466  Code  Gb  core_matrix.o [1]
core_bench_state        0x200010e1  0x3ca  Code  Gb  core_state.o [1]
core_init_matrix        0x20000ac9  0x142  Code  Gb  core_matrix.o [1]
core_init_state         0x200014ad   0xd8  Code  Gb  core_state.o [1]
core_list_init          0x20000371  0x212  Code  Gb  core_list_join.o [1]
core_list_mergesort     0x20000583   0xc6  Code  Gb  core_list_join.o [1]
crc16                   0x20001835   0xd0  Code  Gb  core_util.o [1]
crcu16                  0x200015d1   0xce  Code  Gb  core_util.o [1]
crcu32                  0x2000169f  0x196  Code  Gb  core_util.o [1]
default_num_contexts    0x20001b0c    0x4  Data  Gb  core_portme.o [1]
div                     0x080015c9    0xe  Code  Gb  div.o [3]
errpat                  0x20001b40   0x10  Data  Lc  core_state.o [1]
exBKP_ImmRead           0x080023cb   0x1e  Code  Gb  HAL_bkp.o [1]
exBKP_ImmWrite          0x080023ad   0x1e  Code  Gb  HAL_bkp.o [1]
exBKP_Init              0x0800238f   0x1e  Code  Gb  HAL_bkp.o [1]
exGPIO_PinAFConfig      0x08002293   0xd2  Code  Gb  HAL_gpio.o [1]
exit                    0x080028d3    0x4  Code  Gb  exit.o [3]
floatpat                0x20001b20   0x10  Data  Lc  core_state.o [1]
fputc                   0x2000108d   0x2a  Code  Gb  core_portme.o [1]
get_seed_32             0x20001589   0x32  Code  Gb  core_util.o [1]
get_time                0x20000fed    0x6  Code  Gb  core_portme.o [1]
intpat                  0x20001b10   0x10  Data  Lc  core_state.o [1]
list_known_crc          0x20001ae0    0xc  Data  Lc  core_main.o [1]
localeconv              0x08001597   0x16  Code  Gb  localeconv.o [3]
main                    0x08001725  0x536  Code  Gb  core_main.o [1]
matrix_known_crc        0x20001aec    0xc  Data  Lc  core_main.o [1]
matrix_mul_matrix       0x20000c0d  0x170  Code  Gb  core_matrix.o [1]
matrix_mul_matrix_bitextract
                        0x20000d7d  0x22c  Code  Gb  core_matrix.o [1]
memchr                  0x08000d65         Code  Gb  memchr.o [5]
obuf                    0x20002c28   0x50  Data  Lc  xfiles.o [3]
portable_fini           0x2000106d    0x6  Code  Gb  core_portme.o [1]
portable_init           0x20001009   0x64  Code  Gb  core_portme.o [1]
printf                  0x080020b9   0x24  Code  Gb  printf.o [3]
putchar                 0x08002919    0xc  Code  Gb  putchar.o [3]
scipat                  0x20001b30   0x10  Data  Lc  core_state.o [1]
seed1_volatile          0x20002c78    0x4  Data  Gb  core_portme.o [1]
seed2_volatile          0x20002c7c    0x4  Data  Gb  core_portme.o [1]
seed3_volatile          0x20001b04    0x4  Data  Gb  core_portme.o [1]
seed4_volatile          0x20001b08    0x4  Data  Gb  core_portme.o [1]
seed5_volatile          0x20002c80    0x4  Data  Gb  core_portme.o [1]
start_time              0x20000fd1    0xc  Code  Gb  core_portme.o [1]
state_known_crc         0x20001af8    0xc  Data  Lc  core_main.o [1]
stop_time               0x20000fdd   0x10  Code  Gb  core_portme.o [1]
strchr                  0x08000d15         Code  Gb  strchr.o [5]
strlen                  0x08000d2d         Code  Gb  strlen.o [5]
tbPresc                 0x20001b50   0x10  Data  Gb  HAL_rcc.o [1]
tickCnt                 0x20002c88    0x4  Data  Gb  system_mm32.o [1]
tickFlag                0x20002c90    0x1  Data  Gb  system_mm32.o [1]
time_in_secs            0x20000ff3   0x16  Code  Gb  core_portme.o [1]


[1] = C:\Users\10058\Documents\mm32\GitHub\CoreMark on MM32\coremark_MM32\Debug\Obj
[2] = command line
[3] = dl7M_tlf.a
[4] = m7M_tl.a
[5] = rt7M_tl.a
[6] = shb_l.a

  10 082 bytes of readonly  code memory
   6 880 bytes of readwrite code memory
   5 041 bytes of readonly  data memory
   4 530 bytes of readwrite data memory

Errors: none
Warnings: none
